Report for group default
------------------------------------------------------------------------------------------------------------------------------------------------------------
Startpoint: state_reg[1]/Q
    (Clocked by sysclk R)
Endpoint: state_reg[2]/D
    (Clocked by sysclk R)
Path Group: default
Data required time: 2960.8
    (Clock shift: 3000.0, minus Uncertainty: 0.0, plus Latency 0.0, minus Setup time: 39.2)
Data arrival time: 385.7
Slack: 2575.1
Logic depth: 7
------------------------------------------------------------------------------------------------------------------------------------------------------------
                                                     Arrival               Arc      Net               Net    Total   fan-                                   
Path                     Module/Cell           Edge     Time    Delay    Delay    Delay     Slew     Load     Load    out     Location Power Domain      (V)
                                                        (ps)     (ps)     (ps)     (ps)     (ps)     (ff)     (ff)    (#)      (um,um)                      
------------------------------------------------------------------------------------------------------------------------------------------------------------
clk                      {create_clock}           r      0.0      0.0      0.0                        0.0      0.0      3    73,   35                       
state_reg[1]/CK->Q       DFF_X1*                 rr    162.3    162.3    162.3      0.0      0.0      7.8     71.6     11    37,   36  /PD_TOP        (1.10)
i_0_0_50/A2->ZN          NOR2_X4*                rf    188.1     25.8     25.6      0.2     15.3      2.0     35.6      3    37,   36  /PD_TOP        (1.10)
i_0_0_48/A2->ZN          NAND2_X4*               fr    231.3     43.2     43.2      0.0     15.3      3.3     43.5      5    37,   36  /PD_TOP        (1.10)
i_0_0_47/A->ZN           INV_X8                  rf    238.5      7.2      7.1      0.1     15.3      0.7      4.8      1    37,   36  /PD_TOP        (1.10)
i_0_0_35/B2->ZN          AOI22_X4                fr    282.8     44.3     44.3      0.0      3.5      0.8      4.8      1    37,   36  /PD_TOP        (1.10)
i_0_0_34/B1->ZN          AOI21_X4                rf    299.8     17.0     17.0      0.0     25.5      0.8      3.3      1    37,   36  /PD_TOP        (1.10)
i_0_0_33/B->ZN           AOI211_X2               fr    370.4     70.6     70.6      0.0      7.4      0.7      4.5      1    37,   36  /PD_TOP        (1.10)
i_0_0_32/A1->ZN          NAND2_X2                rf    385.7     15.3     15.3      0.0     44.2      0.7      1.8      1    37,   36  /PD_TOP        (1.10)
state_reg[2]/D           DFF_X1                   f    385.7      0.0               0.0      6.0                             37,   36  /PD_TOP        (1.10)
------------------------------------------------------------------------------------------------------------------------------------------------------------
Report for group I2R
------------------------------------------------------------------------------------------------------------------------------------------------------------
Startpoint: tempSens[2]
    (Clocked by rtDefaultClock R)
Endpoint: state_reg[0]/D
    (Clocked by sysclk R)
Path Group: I2R
Data required time: 2961.3
    (Clock shift: 3000.0, minus Uncertainty: 0.0, plus Latency 0.0, minus Setup time: 38.7)
Data arrival time: 968.1
Slack: 1993.2
Logic depth: 5
------------------------------------------------------------------------------------------------------------------------------------------------------------
                                                     Arrival               Arc      Net               Net    Total   fan-                                   
Path                     Module/Cell           Edge     Time    Delay    Delay    Delay     Slew     Load     Load    out     Location Power Domain      (V)
                                                        (ps)     (ps)     (ps)     (ps)     (ps)     (ff)     (ff)    (#)      (um,um)                      
------------------------------------------------------------------------------------------------------------------------------------------------------------
tempSens[2]              {set_input_delay}        f    700.0    700.0    700.0                        5.3     11.4      2    73,   36                       
i_0_0_45/A2->ZN          OR3_X4                  ff    801.5    101.5    101.1      0.4    100.0      0.7      4.8      1    37,   36  /PD_TOP        (1.10)
i_0_0_43/B1->ZN          AOI21_X4                fr    846.1     44.6     44.6      0.0     12.0      3.0     17.7      4    37,   36  /PD_TOP        (1.10)
i_0_0_7/B2->ZN           AOI22_X4                rf    872.7     26.6     26.5      0.1     37.4      0.8      2.9      1    37,   36  /PD_TOP        (1.10)
i_0_0_6/A3->ZN           OR3_X4                  ff    945.2     72.5     72.5      0.0     11.8      0.8      3.4      1    37,   36  /PD_TOP        (1.10)
i_0_0_5/A->ZN            OAI221_X2               fr    968.1     22.9     22.9      0.0     11.5      0.8      2.0      1    37,   36  /PD_TOP        (1.10)
state_reg[0]/D           DFF_X1                   r    968.1      0.0               0.0     35.0                             37,   36  /PD_TOP        (1.10)
------------------------------------------------------------------------------------------------------------------------------------------------------------
Report for group I2O
------------------------------------------------------------------------------------------------------------------------------------------------------------
Startpoint: tempSens[2]
    (Clocked by rtDefaultClock R)
Endpoint: rearOut
    (Clocked by vsysclk R)
Path Group: I2O
Data required time: 1400.0
    (Clock shift: 2000.0, minus Uncertainty: 0.0, plus Latency 0.0, minus Out delay: 600.0)
Data arrival time: 967.1
Slack: 432.9
Logic depth: 6
------------------------------------------------------------------------------------------------------------------------------------------------------------
                                                     Arrival               Arc      Net               Net    Total   fan-                                   
Path                     Module/Cell           Edge     Time    Delay    Delay    Delay     Slew     Load     Load    out     Location Power Domain      (V)
                                                        (ps)     (ps)     (ps)     (ps)     (ps)     (ff)     (ff)    (#)      (um,um)                      
------------------------------------------------------------------------------------------------------------------------------------------------------------
tempSens[2]              {set_input_delay}        f    700.0    700.0    700.0                        4.6     11.4      2    73,   36                       
i_0_0_45/A2->ZN          OR3_X4                  ff    801.5    101.5    101.1      0.4    100.0      0.7      4.8      1    37,   36  /PD_TOP        (1.10)
i_0_0_43/B1->ZN          AOI21_X4                fr    846.1     44.6     44.6      0.0     12.0      3.0     17.7      4    37,   36  /PD_TOP        (1.10)
i_0_0_41/A2->ZN          NOR2_X4                 rf    868.7     22.6     22.5      0.1     37.4      2.9     18.7      4    37,   36  /PD_TOP        (1.10)
i_0_0_38/A2->ZN          NAND2_X4                fr    888.7     20.0     19.9      0.1      8.9      1.5      9.5      2    37,   36  /PD_TOP        (1.10)
i_0_0_2/A1->ZN           NOR4_X4                 rf    899.6     10.9     10.9      0.0     12.2      0.8      4.7      1    37,   36  /PD_TOP        (1.10)
i_0_0_1/A2->ZN           NOR3_X4                 fr    966.7     67.1     67.1      0.0      7.3      4.8     14.8      1    37,   36  /PD_TOP        (1.10)
rearOut                                           r    967.1      0.4               0.4     46.4                             73,   37                       
------------------------------------------------------------------------------------------------------------------------------------------------------------
Report for group R2O
------------------------------------------------------------------------------------------------------------------------------------------------------------
Startpoint: state_reg[1]/Q
    (Clocked by sysclk R)
Endpoint: heater
    (Clocked by vsysclk R)
Path Group: R2O
Data required time: 400.0
    (Clock shift: 1000.0, minus Uncertainty: 0.0, plus Latency 0.0, minus Out delay: 600.0)
Data arrival time: 279.0
Slack: 121.0
Logic depth: 3
------------------------------------------------------------------------------------------------------------------------------------------------------------
                                                     Arrival               Arc      Net               Net    Total   fan-                                   
Path                     Module/Cell           Edge     Time    Delay    Delay    Delay     Slew     Load     Load    out     Location Power Domain      (V)
                                                        (ps)     (ps)     (ps)     (ps)     (ps)     (ff)     (ff)    (#)      (um,um)                      
------------------------------------------------------------------------------------------------------------------------------------------------------------
clk                      {create_clock}           r      0.0      0.0      0.0                        0.0      0.0      3    73,   35                       
state_reg[1]/CK->Q       DFF_X1*                 rf    132.0    132.0    132.0      0.0      0.0      7.8     71.6     11    37,   36  /PD_TOP        (1.10)
i_0_0_50/A2->ZN          NOR2_X4*                fr    197.4     65.4     65.2      0.2     15.3      2.0     35.6      3    37,   36  /PD_TOP        (1.10)
i_0_0_48/A2->ZN          NAND2_X4*               rf    234.5     37.1     37.1      0.0     15.3      3.3     43.5      5    37,   36  /PD_TOP        (1.10)
i_0_0_4/A2->ZN           NOR2_X4                 fr    278.6     44.1     44.0      0.1     15.3      4.7     14.7      1    37,   36  /PD_TOP        (1.10)
heater                                            r    279.0      0.4               0.4     27.5                             73,   37                       
------------------------------------------------------------------------------------------------------------------------------------------------------------
